 offlineProcessing_sfun

 Timestamp is 53ac34e5 (Thu Jun 26 16:57:41 2014)

 Preferred load address is 0000000180000000

 Start         Length     Name                   Class
 0001:00000000 0000e314H .text                   CODE
 0001:0000e320 00000092H .text$x                 CODE
 0002:00000000 00000458H .idata$5                DATA
 0002:00000458 00000008H .CRT$XCA                DATA
 0002:00000460 00000008H .CRT$XCZ                DATA
 0002:00000468 00000008H .CRT$XIA                DATA
 0002:00000470 00000008H .CRT$XIAA               DATA
 0002:00000478 00000008H .CRT$XIZ                DATA
 0002:00000480 0000069cH .rdata                  DATA
 0002:00000b20 00000008H .rtc$IAA                DATA
 0002:00000b28 00000008H .rtc$IZZ                DATA
 0002:00000b30 00000008H .rtc$TAA                DATA
 0002:00000b38 00000008H .rtc$TZZ                DATA
 0002:00000b40 000006acH .xdata                  DATA
 0002:000011ec 0000008cH .idata$2                DATA
 0002:00001278 00000014H .idata$3                DATA
 0002:00001290 00000458H .idata$4                DATA
 0002:000016e8 00000c08H .idata$6                DATA
 0002:000022f0 0000005cH .edata                  DATA
 0003:00000000 00002f58H .data                   DATA
 0003:00002f60 000006a8H .bss                    DATA
 0004:00000000 000007e0H .pdata                  DATA

  Address         Publics by Value              Rva+Base               Lib:Object

 0000:00000000       ___safe_se_handler_count   0000000000000000     <absolute>
 0000:00000000       ___safe_se_handler_table   0000000000000000     <absolute>
 0000:00000000       __ImageBase                0000000180000000     <linker-defined>
 0001:00000000       offlineProcessing_initializer 0000000180001000 f   offlineProcessing_sfun.obj
 0001:00000010       offlineProcessing_terminator 0000000180001010 f   offlineProcessing_sfun.obj
 0001:00000020       sf_offlineProcessing_method_dispatcher 0000000180001020 f   offlineProcessing_sfun.obj
 0001:00000070       sf_offlineProcessing_process_check_sum_call 0000000180001070 f   offlineProcessing_sfun.obj
 0001:00000480       sf_offlineProcessing_autoinheritance_info 0000000180001480 f   offlineProcessing_sfun.obj
 0001:000005f0       sf_offlineProcessing_get_eml_resolved_functions_info 00000001800015f0 f   offlineProcessing_sfun.obj
 0001:00000720       sf_offlineProcessing_third_party_uses_info 0000000180001720 f   offlineProcessing_sfun.obj
 0001:00000870       sf_offlineProcessing_updateBuildInfo_args_info 0000000180001870 f   offlineProcessing_sfun.obj
 0001:000009c0       offlineProcessing_debug_initialize 00000001800019c0 f   offlineProcessing_sfun.obj
 0001:00000a40       offlineProcessing_register_exported_symbols 0000000180001a40 f   offlineProcessing_sfun.obj
 0001:00000a50       load_offlineProcessing_optimization_info 0000000180001a50 f   offlineProcessing_sfun.obj
 0001:00000aa0       unload_offlineProcessing_optimization_info 0000000180001aa0 f   offlineProcessing_sfun.obj
 0001:00000ad0       sf_c1_offlineProcessing_get_eml_resolved_functions_info 0000000180001ad0 f   c1_offlineProcessing.obj
 0001:00003320       sf_c1_offlineProcessing_get_check_sum 0000000180004320 f   c1_offlineProcessing.obj
 0001:000033a0       sf_c1_offlineProcessing_get_autoinheritance_info 00000001800043a0 f   c1_offlineProcessing.obj
 0001:000037c0       sf_c1_offlineProcessing_third_party_uses_info 00000001800047c0 f   c1_offlineProcessing.obj
 0001:000037f0       sf_c1_offlineProcessing_updateBuildInfo_args_info 00000001800047f0 f   c1_offlineProcessing.obj
 0001:00003820       sf_internal_get_sim_state_c1_offlineProcessing 0000000180004820 f   c1_offlineProcessing.obj
 0001:00003b80       sf_internal_set_sim_state_c1_offlineProcessing 0000000180004b80 f   c1_offlineProcessing.obj
 0001:00003f70       c1_offlineProcessing_method_dispatcher 0000000180004f70 f   c1_offlineProcessing.obj
 0001:00007190       sf_process_check_sum_call  0000000180008190 f   offlineProcessing_sfun_registry.obj
 0001:000071e0       sf_process_autoinheritance_call 00000001800081e0 f   offlineProcessing_sfun_registry.obj
 0001:00007380       sf_process_get_third_party_uses_info_call 0000000180008380 f   offlineProcessing_sfun_registry.obj
 0001:00007520       sf_process_get_updateBuildInfo_args_info_call 0000000180008520 f   offlineProcessing_sfun_registry.obj
 0001:000076c0       sf_process_get_eml_resolved_functions_info_call 00000001800086c0 f   offlineProcessing_sfun_registry.obj
 0001:00007840       sf_mex_unlock_call         0000000180008840 f   offlineProcessing_sfun_registry.obj
 0001:000078f0       sf_machine_global_initializer_called 00000001800088f0 f   offlineProcessing_sfun_registry.obj
 0001:00007920       sf_machine_global_method_dispatcher 0000000180008920 f   offlineProcessing_sfun_registry.obj
 0001:00007980       sf_machine_global_terminator 0000000180008980 f   offlineProcessing_sfun_registry.obj
 0001:000079d0       sf_register_machine_exported_symbols 00000001800089d0 f   offlineProcessing_sfun_registry.obj
 0001:000079f0       callCustomFcn              00000001800089f0 f   offlineProcessing_sfun_registry.obj
 0001:00007a00       sf_machine_global_initializer 0000000180008a00 f   offlineProcessing_sfun_registry.obj
 0001:00007a80       mdlGetSimState             0000000180008a80 f   offlineProcessing_sfun_registry.obj
 0001:00007b00       mdlSetSimState             0000000180008b00 f   offlineProcessing_sfun_registry.obj
 0001:00007b40       _ssSetStateAbsTol          0000000180008b40 f   offlineProcessing_sfun_registry.obj
 0001:00007c20       _ssGetAbsTol               0000000180008c20 f   offlineProcessing_sfun_registry.obj
 0001:00007c90       _ssSetInputPortMatrixDimensions 0000000180008c90 f   offlineProcessing_sfun_registry.obj
 0001:00007da0       _ssSetOutputPortMatrixDimensions 0000000180008da0 f   offlineProcessing_sfun_registry.obj
 0001:00007eb0       _ssSetInputPortVectorDimension 0000000180008eb0 f   offlineProcessing_sfun_registry.obj
 0001:00007f80       _ssSetOutputPortVectorDimension 0000000180008f80 f   offlineProcessing_sfun_registry.obj
 0001:00008050       ssIsRunTimeParamTunable    0000000180009050 f   offlineProcessing_sfun_registry.obj
 0001:000080c0       ssGetSFuncBlockHandle      00000001800090c0 f   offlineProcessing_sfun_registry.obj
 0001:00008130       _ssGetCurrentInputPortWidth 0000000180009130 f   offlineProcessing_sfun_registry.obj
 0001:00008250       _ssGetCurrentOutputPortWidth 0000000180009250 f   offlineProcessing_sfun_registry.obj
 0001:00008370       _ssGetCallSystemNumFcnCallDestinations 0000000180009370 f   offlineProcessing_sfun_registry.obj
 0001:000083e0       ssWarning                  00000001800093e0 f   offlineProcessing_sfun_registry.obj
 0001:000084f0       ssGetIsZeroCrossControlDisabled 00000001800094f0 f   offlineProcessing_sfun_registry.obj
 0001:00008560       ssSetIsInputPortUsedForContZcSignal 0000000180009560 f   offlineProcessing_sfun_registry.obj
 0001:000085d0       ssSetZcSignalIsZcElementDisc 00000001800095d0 f   offlineProcessing_sfun_registry.obj
 0001:00008680       ssSetZcSignalName          0000000180009680 f   offlineProcessing_sfun_registry.obj
 0001:000086f0       ssSetZcSignalWidth         00000001800096f0 f   offlineProcessing_sfun_registry.obj
 0001:00008760       ssSetZcSignalZcEventType   0000000180009760 f   offlineProcessing_sfun_registry.obj
 0001:000087d0       ssSetZcSignalType          00000001800097d0 f   offlineProcessing_sfun_registry.obj
 0001:00008840       ssSetZcSignalZcTol         0000000180009840 f   offlineProcessing_sfun_registry.obj
 0001:000088b0       ssSetZcSignalNeedsEventNotification 00000001800098b0 f   offlineProcessing_sfun_registry.obj
 0001:00008920       ssCreateAndAddZcSignalInfo 0000000180009920 f   offlineProcessing_sfun_registry.obj
 0001:00008990       ssCloneAndAddZcSignalInfo  0000000180009990 f   offlineProcessing_sfun_registry.obj
 0001:00008a00       ssGetNumZcSignals          0000000180009a00 f   offlineProcessing_sfun_registry.obj
 0001:00008a70       ssGetZcSignalVector        0000000180009a70 f   offlineProcessing_sfun_registry.obj
 0001:00008ae0       ssGetZcSignalZcEvents      0000000180009ae0 f   offlineProcessing_sfun_registry.obj
 0001:00008b50       ssGetZcSignalName          0000000180009b50 f   offlineProcessing_sfun_registry.obj
 0001:00008bc0       ssGetZcSignalWidth         0000000180009bc0 f   offlineProcessing_sfun_registry.obj
 0001:00008c30       ssGetZcSignalZcEventType   0000000180009c30 f   offlineProcessing_sfun_registry.obj
 0001:00008ca0       ssGetZcSignalType          0000000180009ca0 f   offlineProcessing_sfun_registry.obj
 0001:00008d10       ssGetZcSignalZcTol         0000000180009d10 f   offlineProcessing_sfun_registry.obj
 0001:00008d90       ssGetZcSignalNeedsEventNotification 0000000180009d90 f   offlineProcessing_sfun_registry.obj
 0001:00008e00       ssGetZcSignalIsZcElementDisc 0000000180009e00 f   offlineProcessing_sfun_registry.obj
 0001:00008ea0       ssGetIsInputPortElementContinuous 0000000180009ea0 f   offlineProcessing_sfun_registry.obj
 0001:00008f40       _ssGetInputPortSignalPtrsFcn 0000000180009f40 f   offlineProcessing_sfun_registry.obj
 0001:00009200       _ssGetInputPortSignalFcn   000000018000a200 f   offlineProcessing_sfun_registry.obj
 0001:00009420       _ssSetInputPortDirectFeedThroughFcn 000000018000a420 f   offlineProcessing_sfun_registry.obj
 0001:00009580       _ssSetInputPortReusableFcn 000000018000a580 f   offlineProcessing_sfun_registry.obj
 0001:00009670       _ssSetOutputPortReusableFcn 000000018000a670 f   offlineProcessing_sfun_registry.obj
 0001:00009750       ssGetDTypeIdFromMxArray    000000018000a750 f   offlineProcessing_sfun_registry.obj
 0001:00009870       ssWriteRTWStr              000000018000a870 f   offlineProcessing_sfun_registry.obj
 0001:000098d0       ssWriteRTWMxVectParam      000000018000a8d0 f   offlineProcessing_sfun_registry.obj
 0001:00009930       ssWriteRTWMx2dMatParam     000000018000a930 f   offlineProcessing_sfun_registry.obj
 0001:000099b0       ssWriteRTWNameValuePair    000000018000a9b0 f   offlineProcessing_sfun_registry.obj
 0001:00009ea0       ssWriteRTWParameters       000000018000aea0 f   offlineProcessing_sfun_registry.obj
 0001:0000a4a0       ssWriteRTWParamSettings    000000018000b4a0 f   offlineProcessing_sfun_registry.obj
 0001:0000ab70       ssWriteRTWWorkVect         000000018000bb70 f   offlineProcessing_sfun_registry.obj
 0001:0000b070       mexFunction                000000018000c070 f   offlineProcessing_sfun_registry.obj
 0001:0000d4f0       ProcessMexSfunctionEveryCall 000000018000e4f0 f   offlineProcessing_sfun_registry.obj
 0001:0000d672       sf_debug_set_machine_data_thresholds 000000018000e672 f   sf_runtime:sf_runtime.dll
 0001:0000d678       sf_debug_set_machine_event_thresholds 000000018000e678 f   sf_runtime:sf_runtime.dll
 0001:0000d67e       sf_debug_initialize_machine 000000018000e67e f   sf_runtime:sf_runtime.dll
 0001:0000d684       sf_load_rtw_optimization_info 000000018000e684 f   sf_runtime:sf_runtime.dll
 0001:0000d68a       sf_mex_emlrtNameCapturePostProcessR2012a 000000018000e68a f   sf_runtime:sf_runtime.dll
 0001:0000d690       sf_mex_assign              000000018000e690 f   sf_runtime:sf_runtime.dll
 0001:0000d696       sf_mex_createstruct        000000018000e696 f   sf_runtime:sf_runtime.dll
 0001:0000d69c       sf_mex_destroy             000000018000e69c f   sf_runtime:sf_runtime.dll
 0001:0000d6a2       sf_mex_duplicatearraysafe  000000018000e6a2 f   sf_runtime:sf_runtime.dll
 0001:0000d6a8       sf_mex_createcellmatrix    000000018000e6a8 f   sf_runtime:sf_runtime.dll
 0001:0000d6ae       sf_mex_addfield            000000018000e6ae f   sf_runtime:sf_runtime.dll
 0001:0000d6b4       sf_mex_create              000000018000e6b4 f   sf_runtime:sf_runtime.dll
 0001:0000d6ba       sf_mex_error_message       000000018000e6ba f   sf_runtime:sf_runtime.dll
 0001:0000d6c0       sf_mex_call_matlab         000000018000e6c0 f   sf_runtime:sf_runtime.dll
 0001:0000d6c6       sf_mex_setcell             000000018000e6c6 f   sf_runtime:sf_runtime.dll
 0001:0000d6cc       sf_mex_decode_encoded_mx_struct_array 000000018000e6cc f   sf_runtime:sf_runtime.dll
 0001:0000d6d2       sf_mex_getcell             000000018000e6d2 f   sf_runtime:sf_runtime.dll
 0001:0000d6d8       sf_mex_dup                 000000018000e6d8 f   sf_runtime:sf_runtime.dll
 0001:0000d6de       sf_mex_import              000000018000e6de f   sf_runtime:sf_runtime.dll
 0001:0000d6e4       sf_set_rtw_dwork_info      000000018000e6e4 f   sf_runtime:sf_runtime.dll
 0001:0000d6ea       sf_mark_chart_reusable_outputs 000000018000e6ea f   sf_runtime:sf_runtime.dll
 0001:0000d6f0       sf_mark_chart_expressionable_inputs 000000018000e6f0 f   sf_runtime:sf_runtime.dll
 0001:0000d6f6       sf_update_buildInfo        000000018000e6f6 f   sf_runtime:sf_runtime.dll
 0001:0000d6fc       sf_rtw_info_uint_prop      000000018000e6fc f   sf_runtime:sf_runtime.dll
 0001:0000d702       sf_is_chart_inlinable      000000018000e702 f   sf_runtime:sf_runtime.dll
 0001:0000d708       sim_mode_is_external       000000018000e708 f   sf_runtime:sf_runtime.dll
 0001:0000d70e       sim_mode_is_rtw_gen        000000018000e70e f   sf_runtime:sf_runtime.dll
 0001:0000d714       sf_debug_reset_current_state_configuration 000000018000e714 f   sf_runtime:sf_runtime.dll
 0001:0000d71a       sf_debug_set_instance_data_value_ptr 000000018000e71a f   sf_runtime:sf_runtime.dll
 0001:0000d720       sf_debug_set_chart_data_compiled_props 000000018000e720 f   sf_runtime:sf_runtime.dll
 0001:0000d726       cv_eml_init_for            000000018000e726 f   sf_runtime:sf_runtime.dll
 0001:0000d72c       cv_eml_init_fcn            000000018000e72c f   sf_runtime:sf_runtime.dll
 0001:0000d732       cv_eml_init_script         000000018000e732 f   sf_runtime:sf_runtime.dll
 0001:0000d738       sf_debug_cv_init_trans     000000018000e738 f   sf_runtime:sf_runtime.dll
 0001:0000d73e       sf_debug_cv_init_state     000000018000e73e f   sf_runtime:sf_runtime.dll
 0001:0000d744       sf_debug_cv_init_chart     000000018000e744 f   sf_runtime:sf_runtime.dll
 0001:0000d74a       sf_debug_set_chart_decomposition 000000018000e74a f   sf_runtime:sf_runtime.dll
 0001:0000d750       sf_debug_set_chart_substate_count 000000018000e750 f   sf_runtime:sf_runtime.dll
 0001:0000d756       sf_debug_set_chart_state_info 000000018000e756 f   sf_runtime:sf_runtime.dll
 0001:0000d75c       sf_debug_set_chart_data_props 000000018000e75c f   sf_runtime:sf_runtime.dll
 0001:0000d762       sf_debug_set_chart_event_thresholds 000000018000e762 f   sf_runtime:sf_runtime.dll
 0001:0000d768       sf_debug_set_chart_disable_implicit_casting 000000018000e768 f   sf_runtime:sf_runtime.dll
 0001:0000d76e       sf_debug_initialize_chart  000000018000e76e f   sf_runtime:sf_runtime.dll
 0001:0000d774       sf_get_time                000000018000e774 f   sf_runtime:sf_runtime.dll
 0001:0000d77a       sf_debug_check_for_state_inconsistency 000000018000e77a f   sf_runtime:sf_runtime.dll
 0001:0000d780       sf_debug_symbol_scope_pop  000000018000e780 f   sf_runtime:sf_runtime.dll
 0001:0000d786       sf_debug_data_range_wrapper 000000018000e786 f   sf_runtime:sf_runtime.dll
 0001:0000d78c       sf_debug_call              000000018000e78c f   sf_runtime:sf_runtime.dll
 0001:0000d792       sf_debug_symbol_scope_push 000000018000e792 f   sf_runtime:sf_runtime.dll
 0001:0000d798       sf_mex_listen_for_ctrl_c   000000018000e798 f   sf_runtime:sf_runtime.dll
 0001:0000d79e       sf_debug_eml_data_array_bounds_error_check 000000018000e79e f   sf_runtime:sf_runtime.dll
 0001:0000d7a4       sf_debug_integer_check     000000018000e7a4 f   sf_runtime:sf_runtime.dll
 0001:0000d7aa       eml_debug_line_call        000000018000e7aa f   sf_runtime:sf_runtime.dll
 0001:0000d7b0       cv_eml_eval                000000018000e7b0 f   sf_runtime:sf_runtime.dll
 0001:0000d7b6       sf_debug_symbol_scope_add_eml 000000018000e7b6 f   sf_runtime:sf_runtime.dll
 0001:0000d7bc       sf_debug_symbol_scope_add_eml_importable 000000018000e7bc f   sf_runtime:sf_runtime.dll
 0001:0000d7c2       sf_debug_symbol_scope_push_eml 000000018000e7c2 f   sf_runtime:sf_runtime.dll
 0001:0000d7c8       sf_mex_call_debug          000000018000e7c8 f   sf_runtime:sf_runtime.dll
 0001:0000d7ce       sf_clear_rtw_identifier    000000018000e7ce f   sf_runtime:sf_runtime.dll
 0001:0000d7d4       sf_debug_terminate         000000018000e7d4 f   sf_runtime:sf_runtime.dll
 0001:0000d7da       sf_debug_create_debug_instance_struct 000000018000e7da f   sf_runtime:sf_runtime.dll
 0001:0000d7e0       sf_debug_api               000000018000e7e0 f   sf_runtime:sf_runtime.dll
 0001:0000d7e6       callMdlMethodAndReportError 000000018000e7e6 f   sf_runtime:sf_runtime.dll
 0001:0000d7ec       call_sf_machine_global_method_dispatcher 000000018000e7ec f   sf_runtime:sf_runtime.dll
 0001:0000d7f2       sf_clear_error_manager_info 000000018000e7f2 f   sf_runtime:sf_runtime.dll
 0001:0000d7f8       sf_mex_error_direct_call   000000018000e7f8 f   sf_runtime:sf_runtime.dll
 0001:0000d7fe       mxGetScalar                000000018000e7fe f   libmx:libmx.dll
 0001:0000d804       mxGetPr                    000000018000e804 f   libmx:libmx.dll
 0001:0000d80a       mxCreateDoubleMatrix_730   000000018000e80a f   libmx:libmx.dll
 0001:0000d810       mxGetString_730            000000018000e810 f   libmx:libmx.dll
 0001:0000d816       mxIsChar                   000000018000e816 f   libmx:libmx.dll
 0001:0000d81c       mxDestroyArray             000000018000e81c f   libmx:libmx.dll
 0001:0000d822       mxDuplicateArray           000000018000e822 f   libmx:libmx.dll
 0001:0000d828       mxCreateDoubleScalar       000000018000e828 f   libmx:libmx.dll
 0001:0000d82e       mxSetField_730             000000018000e82e f   libmx:libmx.dll
 0001:0000d834       mxCreateString             000000018000e834 f   libmx:libmx.dll
 0001:0000d83a       mxCreateStructMatrix_730   000000018000e83a f   libmx:libmx.dll
 0001:0000d840       mxCreateCellMatrix_730     000000018000e840 f   libmx:libmx.dll
 0001:0000d846       mxGetClassID               000000018000e846 f   libmx:libmx.dll
 0001:0000d84c       mxIsNumeric                000000018000e84c f   libmx:libmx.dll
 0001:0000d852       mxIsComplex                000000018000e852 f   libmx:libmx.dll
 0001:0000d858       mxGetN                     000000018000e858 f   libmx:libmx.dll
 0001:0000d85e       mxGetM                     000000018000e85e f   libmx:libmx.dll
 0001:0000d864       mxCalloc                   000000018000e864 f   libmx:libmx.dll
 0001:0000d86a       mexMakeArrayPersistent     000000018000e86a f   libmex:libmex.dll
 0001:0000d870       mexUnlock                  000000018000e870 f   libmex:libmex.dll
 0001:0000d876       mexIsLocked                000000018000e876 f   libmex:libmex.dll
 0001:0000d87c       mexWarnMsgTxt              000000018000e87c f   libmex:libmex.dll
 0001:0000d882       mexCallMATLAB              000000018000e882 f   libmex:libmex.dll
 0001:0000d888       mexErrMsgTxt               000000018000e888 f   libmex:libmex.dll
 0001:0000d88e       mexLock                    000000018000e88e f   libmex:libmex.dll
 0001:0000d894       utMalloc                   000000018000e894 f   libut:libut.dll
 0001:0000d89a       utFree                     000000018000e89a f   libut:libut.dll
 0001:0000d8a0       muDoubleScalarIsNaN        000000018000e8a0 f   libmwmathutil:libmwmathutil.dll
 0001:0000d8a8       __GSHandlerCheckCommon     000000018000e8a8 f   MSVCRT:gshandler.obj
 0001:0000d90c       __GSHandlerCheck           000000018000e90c f   MSVCRT:gshandler.obj
 0001:0000d92a       strcmp                     000000018000e92a f   MSVCRT:MSVCR100.dll
 0001:0000d940       __security_check_cookie    000000018000e940 f   MSVCRT:amdsecgs.obj
 0001:0000d960       strlen                     000000018000e960 f   MSVCRT:MSVCR100.dll
 0001:0000d966       memset                     000000018000e966 f   MSVCRT:MSVCR100.dll
 0001:0000d980       __chkstk                   000000018000e980 f   MSVCRT:chkstk.obj
 0001:0000d980       _alloca_probe              000000018000e980     MSVCRT:chkstk.obj
 0001:0000d9ce       free                       000000018000e9ce f   MSVCRT:MSVCR100.dll
 0001:0000d9d4       sprintf                    000000018000e9d4 f   MSVCRT:MSVCR100.dll
 0001:0000d9da       malloc                     000000018000e9da f   MSVCRT:MSVCR100.dll
 0001:0000d9e0       strcat                     000000018000e9e0 f   MSVCRT:MSVCR100.dll
 0001:0000d9e6       memcpy                     000000018000e9e6 f   MSVCRT:MSVCR100.dll
 0001:0000d9ec       NtCurrentTeb               000000018000e9ec f i MSVCRT:crtdll.obj
 0001:0000da58       _CRT_INIT                  000000018000ea58 f   MSVCRT:crtdll.obj
 0001:0000ddf0       _DllMainCRTStartup         000000018000edf0 f   MSVCRT:crtdll.obj
 0001:0000de30       __report_gsfailure         000000018000ee30 f   MSVCRT:gs_report.obj
 0001:0000df7c       __clean_type_info_names    000000018000ef7c f   MSVCRT:tncleanup.obj
 0001:0000df88       _onexit                    000000018000ef88 f   MSVCRT:atonexit.obj
 0001:0000e038       atexit                     000000018000f038 f   MSVCRT:atonexit.obj
 0001:0000e050       _RTC_Initialize            000000018000f050 f   MSVCRT:_initsect_.obj
 0001:0000e088       _RTC_Terminate             000000018000f088 f   MSVCRT:_initsect_.obj
 0001:0000e0c0       _malloc_crt                000000018000f0c0 f   MSVCRT:MSVCR100.dll
 0001:0000e0d0       _ValidateImageBase         000000018000f0d0 f   MSVCRT:pesect.obj
 0001:0000e100       _FindPESection             000000018000f100 f   MSVCRT:pesect.obj
 0001:0000e150       _IsNonwritableInCurrentImage 000000018000f150 f   MSVCRT:pesect.obj
 0001:0000e192       _initterm                  000000018000f192 f   MSVCRT:MSVCR100.dll
 0001:0000e198       _initterm_e                000000018000f198 f   MSVCRT:MSVCR100.dll
 0001:0000e19e       _encoded_null              000000018000f19e f   MSVCRT:MSVCR100.dll
 0001:0000e1a4       _amsg_exit                 000000018000f1a4 f   MSVCRT:MSVCR100.dll
 0001:0000e1aa       __C_specific_handler       000000018000f1aa f   MSVCRT:MSVCR100.dll
 0001:0000e1b0       __CppXcptFilter            000000018000f1b0 f   MSVCRT:MSVCR100.dll
 0001:0000e1b8       DllMain                    000000018000f1b8 f   MSVCRT:dllmain.obj
 0001:0000e1dc       __security_init_cookie     000000018000f1dc f   MSVCRT:gs_support.obj
 0001:0000e290       __crt_debugger_hook        000000018000f290 f   MSVCRT:MSVCR100.dll
 0001:0000e296       __clean_type_info_names_internal 000000018000f296 f   MSVCRT:MSVCR100.dll
 0001:0000e29c       _unlock                    000000018000f29c f   MSVCRT:MSVCR100.dll
 0001:0000e2a2       __dllonexit                000000018000f2a2 f   MSVCRT:MSVCR100.dll
 0001:0000e2a8       _lock                      000000018000f2a8 f   MSVCRT:MSVCR100.dll
 0001:0000e2ae       EncodePointer              000000018000f2ae f   kernel32:KERNEL32.dll
 0001:0000e2b4       DecodePointer              000000018000f2b4 f   kernel32:KERNEL32.dll
 0001:0000e2ba       Sleep                      000000018000f2ba f   kernel32:KERNEL32.dll
 0001:0000e2c0       TerminateProcess           000000018000f2c0 f   kernel32:KERNEL32.dll
 0001:0000e2c6       GetCurrentProcess          000000018000f2c6 f   kernel32:KERNEL32.dll
 0001:0000e2cc       UnhandledExceptionFilter   000000018000f2cc f   kernel32:KERNEL32.dll
 0001:0000e2d2       SetUnhandledExceptionFilter 000000018000f2d2 f   kernel32:KERNEL32.dll
 0001:0000e2d8       IsDebuggerPresent          000000018000f2d8 f   kernel32:KERNEL32.dll
 0001:0000e2de       RtlVirtualUnwind           000000018000f2de f   kernel32:KERNEL32.dll
 0001:0000e2e4       RtlLookupFunctionEntry     000000018000f2e4 f   kernel32:KERNEL32.dll
 0001:0000e2ea       RtlCaptureContext          000000018000f2ea f   kernel32:KERNEL32.dll
 0001:0000e2f0       DisableThreadLibraryCalls  000000018000f2f0 f   kernel32:KERNEL32.dll
 0001:0000e2f6       QueryPerformanceCounter    000000018000f2f6 f   kernel32:KERNEL32.dll
 0001:0000e2fc       GetTickCount               000000018000f2fc f   kernel32:KERNEL32.dll
 0001:0000e302       GetCurrentThreadId         000000018000f302 f   kernel32:KERNEL32.dll
 0001:0000e308       GetCurrentProcessId        000000018000f308 f   kernel32:KERNEL32.dll
 0001:0000e30e       GetSystemTimeAsFileTime    000000018000f30e f   kernel32:KERNEL32.dll
 0002:00000000       __imp_GetSystemTimeAsFileTime 0000000180010000     kernel32:KERNEL32.dll
 0002:00000008       __imp_GetCurrentProcessId  0000000180010008     kernel32:KERNEL32.dll
 0002:00000010       __imp_GetCurrentThreadId   0000000180010010     kernel32:KERNEL32.dll
 0002:00000018       __imp_GetTickCount         0000000180010018     kernel32:KERNEL32.dll
 0002:00000020       __imp_QueryPerformanceCounter 0000000180010020     kernel32:KERNEL32.dll
 0002:00000028       __imp_DisableThreadLibraryCalls 0000000180010028     kernel32:KERNEL32.dll
 0002:00000030       __imp_RtlCaptureContext    0000000180010030     kernel32:KERNEL32.dll
 0002:00000038       __imp_RtlLookupFunctionEntry 0000000180010038     kernel32:KERNEL32.dll
 0002:00000040       __imp_RtlVirtualUnwind     0000000180010040     kernel32:KERNEL32.dll
 0002:00000048       __imp_IsDebuggerPresent    0000000180010048     kernel32:KERNEL32.dll
 0002:00000050       __imp_SetUnhandledExceptionFilter 0000000180010050     kernel32:KERNEL32.dll
 0002:00000058       __imp_UnhandledExceptionFilter 0000000180010058     kernel32:KERNEL32.dll
 0002:00000060       __imp_GetCurrentProcess    0000000180010060     kernel32:KERNEL32.dll
 0002:00000068       __imp_TerminateProcess     0000000180010068     kernel32:KERNEL32.dll
 0002:00000070       __imp_Sleep                0000000180010070     kernel32:KERNEL32.dll
 0002:00000078       __imp_DecodePointer        0000000180010078     kernel32:KERNEL32.dll
 0002:00000080       __imp_EncodePointer        0000000180010080     kernel32:KERNEL32.dll
 0002:00000088       \177KERNEL32_NULL_THUNK_DATA 0000000180010088     kernel32:KERNEL32.dll
 0002:00000090       __imp__onexit              0000000180010090     MSVCRT:MSVCR100.dll
 0002:00000098       __imp__lock                0000000180010098     MSVCRT:MSVCR100.dll
 0002:000000a0       __imp___dllonexit          00000001800100a0     MSVCRT:MSVCR100.dll
 0002:000000a8       __imp__unlock              00000001800100a8     MSVCRT:MSVCR100.dll
 0002:000000b0       __imp___clean_type_info_names_internal 00000001800100b0     MSVCRT:MSVCR100.dll
 0002:000000b8       __imp___crt_debugger_hook  00000001800100b8     MSVCRT:MSVCR100.dll
 0002:000000c0       __imp___CppXcptFilter      00000001800100c0     MSVCRT:MSVCR100.dll
 0002:000000c8       __imp___C_specific_handler 00000001800100c8     MSVCRT:MSVCR100.dll
 0002:000000d0       __imp__amsg_exit           00000001800100d0     MSVCRT:MSVCR100.dll
 0002:000000d8       __imp__encoded_null        00000001800100d8     MSVCRT:MSVCR100.dll
 0002:000000e0       __imp__initterm_e          00000001800100e0     MSVCRT:MSVCR100.dll
 0002:000000e8       __imp__initterm            00000001800100e8     MSVCRT:MSVCR100.dll
 0002:000000f0       __imp__malloc_crt          00000001800100f0     MSVCRT:MSVCR100.dll
 0002:000000f8       __imp_memcpy               00000001800100f8     MSVCRT:MSVCR100.dll
 0002:00000100       __imp_strcat               0000000180010100     MSVCRT:MSVCR100.dll
 0002:00000108       __imp_malloc               0000000180010108     MSVCRT:MSVCR100.dll
 0002:00000110       __imp_sprintf              0000000180010110     MSVCRT:MSVCR100.dll
 0002:00000118       __imp_free                 0000000180010118     MSVCRT:MSVCR100.dll
 0002:00000120       __imp_memset               0000000180010120     MSVCRT:MSVCR100.dll
 0002:00000128       __imp_strlen               0000000180010128     MSVCRT:MSVCR100.dll
 0002:00000130       __imp_strcmp               0000000180010130     MSVCRT:MSVCR100.dll
 0002:00000138       \177MSVCR100_NULL_THUNK_DATA 0000000180010138     MSVCRT:MSVCR100.dll
 0002:00000140       __imp_mexCallMATLAB        0000000180010140     libmex:libmex.dll
 0002:00000148       __imp_mexUnlock            0000000180010148     libmex:libmex.dll
 0002:00000150       __imp_mexLock              0000000180010150     libmex:libmex.dll
 0002:00000158       __imp_mexErrMsgTxt         0000000180010158     libmex:libmex.dll
 0002:00000160       __imp_mexMakeArrayPersistent 0000000180010160     libmex:libmex.dll
 0002:00000168       __imp_mexWarnMsgTxt        0000000180010168     libmex:libmex.dll
 0002:00000170       __imp_mexIsLocked          0000000180010170     libmex:libmex.dll
 0002:00000178       \177libmex_NULL_THUNK_DATA 0000000180010178     libmex:libmex.dll
 0002:00000180       __imp_muDoubleScalarIsNaN  0000000180010180     libmwmathutil:libmwmathutil.dll
 0002:00000188       \177libmwmathutil_NULL_THUNK_DATA 0000000180010188     libmwmathutil:libmwmathutil.dll
 0002:00000190       __imp_mxCalloc             0000000180010190     libmx:libmx.dll
 0002:00000198       __imp_mxGetM               0000000180010198     libmx:libmx.dll
 0002:000001a0       __imp_mxGetN               00000001800101a0     libmx:libmx.dll
 0002:000001a8       __imp_mxIsComplex          00000001800101a8     libmx:libmx.dll
 0002:000001b0       __imp_mxIsNumeric          00000001800101b0     libmx:libmx.dll
 0002:000001b8       __imp_mxGetClassID         00000001800101b8     libmx:libmx.dll
 0002:000001c0       __imp_mxCreateCellMatrix_730 00000001800101c0     libmx:libmx.dll
 0002:000001c8       __imp_mxCreateStructMatrix_730 00000001800101c8     libmx:libmx.dll
 0002:000001d0       __imp_mxCreateString       00000001800101d0     libmx:libmx.dll
 0002:000001d8       __imp_mxSetField_730       00000001800101d8     libmx:libmx.dll
 0002:000001e0       __imp_mxCreateDoubleScalar 00000001800101e0     libmx:libmx.dll
 0002:000001e8       __imp_mxDuplicateArray     00000001800101e8     libmx:libmx.dll
 0002:000001f0       __imp_mxDestroyArray       00000001800101f0     libmx:libmx.dll
 0002:000001f8       __imp_mxIsChar             00000001800101f8     libmx:libmx.dll
 0002:00000200       __imp_mxGetString_730      0000000180010200     libmx:libmx.dll
 0002:00000208       __imp_mxCreateDoubleMatrix_730 0000000180010208     libmx:libmx.dll
 0002:00000210       __imp_mxGetScalar          0000000180010210     libmx:libmx.dll
 0002:00000218       __imp_mxGetPr              0000000180010218     libmx:libmx.dll
 0002:00000220       \177libmx_NULL_THUNK_DATA  0000000180010220     libmx:libmx.dll
 0002:00000228       __imp_utMalloc             0000000180010228     libut:libut.dll
 0002:00000230       __imp_utFree               0000000180010230     libut:libut.dll
 0002:00000238       \177libut_NULL_THUNK_DATA  0000000180010238     libut:libut.dll
 0002:00000240       __imp_call_sf_machine_global_method_dispatcher 0000000180010240     sf_runtime:sf_runtime.dll
 0002:00000248       __imp_callMdlMethodAndReportError 0000000180010248     sf_runtime:sf_runtime.dll
 0002:00000250       __imp_sf_debug_api         0000000180010250     sf_runtime:sf_runtime.dll
 0002:00000258       __imp_sf_debug_create_debug_instance_struct 0000000180010258     sf_runtime:sf_runtime.dll
 0002:00000260       __imp_sf_debug_terminate   0000000180010260     sf_runtime:sf_runtime.dll
 0002:00000268       __imp_sf_clear_rtw_identifier 0000000180010268     sf_runtime:sf_runtime.dll
 0002:00000270       __imp_sf_mex_call_debug    0000000180010270     sf_runtime:sf_runtime.dll
 0002:00000278       __imp_sf_debug_symbol_scope_push_eml 0000000180010278     sf_runtime:sf_runtime.dll
 0002:00000280       __imp_sf_debug_symbol_scope_add_eml_importable 0000000180010280     sf_runtime:sf_runtime.dll
 0002:00000288       __imp_sf_debug_symbol_scope_add_eml 0000000180010288     sf_runtime:sf_runtime.dll
 0002:00000290       __imp_sf_clear_error_manager_info 0000000180010290     sf_runtime:sf_runtime.dll
 0002:00000298       __imp_eml_debug_line_call  0000000180010298     sf_runtime:sf_runtime.dll
 0002:000002a0       __imp_sf_debug_integer_check 00000001800102a0     sf_runtime:sf_runtime.dll
 0002:000002a8       __imp_sf_debug_eml_data_array_bounds_error_check 00000001800102a8     sf_runtime:sf_runtime.dll
 0002:000002b0       __imp_sf_mex_listen_for_ctrl_c 00000001800102b0     sf_runtime:sf_runtime.dll
 0002:000002b8       __imp_sf_debug_symbol_scope_push 00000001800102b8     sf_runtime:sf_runtime.dll
 0002:000002c0       __imp_sf_debug_call        00000001800102c0     sf_runtime:sf_runtime.dll
 0002:000002c8       __imp_sf_debug_data_range_wrapper 00000001800102c8     sf_runtime:sf_runtime.dll
 0002:000002d0       __imp_sf_debug_symbol_scope_pop 00000001800102d0     sf_runtime:sf_runtime.dll
 0002:000002d8       __imp_sf_debug_check_for_state_inconsistency 00000001800102d8     sf_runtime:sf_runtime.dll
 0002:000002e0       __imp_sf_get_time          00000001800102e0     sf_runtime:sf_runtime.dll
 0002:000002e8       __imp_sf_debug_initialize_chart 00000001800102e8     sf_runtime:sf_runtime.dll
 0002:000002f0       __imp_sf_mex_error_direct_call 00000001800102f0     sf_runtime:sf_runtime.dll
 0002:000002f8       __imp_cv_eml_eval          00000001800102f8     sf_runtime:sf_runtime.dll
 0002:00000300       __imp_sf_debug_set_chart_disable_implicit_casting 0000000180010300     sf_runtime:sf_runtime.dll
 0002:00000308       __imp_sf_debug_set_chart_event_thresholds 0000000180010308     sf_runtime:sf_runtime.dll
 0002:00000310       __imp_sf_debug_set_chart_data_props 0000000180010310     sf_runtime:sf_runtime.dll
 0002:00000318       __imp_sf_debug_set_chart_state_info 0000000180010318     sf_runtime:sf_runtime.dll
 0002:00000320       __imp_sf_debug_set_chart_substate_count 0000000180010320     sf_runtime:sf_runtime.dll
 0002:00000328       __imp_sf_debug_set_chart_decomposition 0000000180010328     sf_runtime:sf_runtime.dll
 0002:00000330       __imp_sf_debug_cv_init_chart 0000000180010330     sf_runtime:sf_runtime.dll
 0002:00000338       __imp_sf_debug_cv_init_state 0000000180010338     sf_runtime:sf_runtime.dll
 0002:00000340       __imp_sf_debug_cv_init_trans 0000000180010340     sf_runtime:sf_runtime.dll
 0002:00000348       __imp_cv_eml_init_script   0000000180010348     sf_runtime:sf_runtime.dll
 0002:00000350       __imp_cv_eml_init_fcn      0000000180010350     sf_runtime:sf_runtime.dll
 0002:00000358       __imp_cv_eml_init_for      0000000180010358     sf_runtime:sf_runtime.dll
 0002:00000360       __imp_sf_debug_set_chart_data_compiled_props 0000000180010360     sf_runtime:sf_runtime.dll
 0002:00000368       __imp_sf_debug_set_instance_data_value_ptr 0000000180010368     sf_runtime:sf_runtime.dll
 0002:00000370       __imp_sf_debug_reset_current_state_configuration 0000000180010370     sf_runtime:sf_runtime.dll
 0002:00000378       __imp_sim_mode_is_rtw_gen  0000000180010378     sf_runtime:sf_runtime.dll
 0002:00000380       __imp_sim_mode_is_external 0000000180010380     sf_runtime:sf_runtime.dll
 0002:00000388       __imp_sf_is_chart_inlinable 0000000180010388     sf_runtime:sf_runtime.dll
 0002:00000390       __imp_sf_rtw_info_uint_prop 0000000180010390     sf_runtime:sf_runtime.dll
 0002:00000398       __imp_sf_update_buildInfo  0000000180010398     sf_runtime:sf_runtime.dll
 0002:000003a0       __imp_sf_mark_chart_expressionable_inputs 00000001800103a0     sf_runtime:sf_runtime.dll
 0002:000003a8       __imp_sf_mark_chart_reusable_outputs 00000001800103a8     sf_runtime:sf_runtime.dll
 0002:000003b0       __imp_sf_set_rtw_dwork_info 00000001800103b0     sf_runtime:sf_runtime.dll
 0002:000003b8       __imp_sf_mex_import        00000001800103b8     sf_runtime:sf_runtime.dll
 0002:000003c0       __imp_sf_mex_dup           00000001800103c0     sf_runtime:sf_runtime.dll
 0002:000003c8       __imp_sf_mex_getcell       00000001800103c8     sf_runtime:sf_runtime.dll
 0002:000003d0       __imp_sf_mex_decode_encoded_mx_struct_array 00000001800103d0     sf_runtime:sf_runtime.dll
 0002:000003d8       __imp_sf_mex_setcell       00000001800103d8     sf_runtime:sf_runtime.dll
 0002:000003e0       __imp_sf_mex_call_matlab   00000001800103e0     sf_runtime:sf_runtime.dll
 0002:000003e8       __imp_sf_mex_error_message 00000001800103e8     sf_runtime:sf_runtime.dll
 0002:000003f0       __imp_sf_mex_create        00000001800103f0     sf_runtime:sf_runtime.dll
 0002:000003f8       __imp_sf_mex_addfield      00000001800103f8     sf_runtime:sf_runtime.dll
 0002:00000400       __imp_sf_mex_createcellmatrix 0000000180010400     sf_runtime:sf_runtime.dll
 0002:00000408       __imp_sf_mex_duplicatearraysafe 0000000180010408     sf_runtime:sf_runtime.dll
 0002:00000410       __imp_sf_mex_destroy       0000000180010410     sf_runtime:sf_runtime.dll
 0002:00000418       __imp_sf_mex_createstruct  0000000180010418     sf_runtime:sf_runtime.dll
 0002:00000420       __imp_sf_mex_assign        0000000180010420     sf_runtime:sf_runtime.dll
 0002:00000428       __imp_sf_mex_emlrtNameCapturePostProcessR2012a 0000000180010428     sf_runtime:sf_runtime.dll
 0002:00000430       __imp_sf_load_rtw_optimization_info 0000000180010430     sf_runtime:sf_runtime.dll
 0002:00000438       __imp_sf_debug_initialize_machine 0000000180010438     sf_runtime:sf_runtime.dll
 0002:00000440       __imp_sf_debug_set_machine_event_thresholds 0000000180010440     sf_runtime:sf_runtime.dll
 0002:00000448       __imp_sf_debug_set_machine_data_thresholds 0000000180010448     sf_runtime:sf_runtime.dll
 0002:00000450       \177sf_runtime_NULL_THUNK_DATA 0000000180010450     sf_runtime:sf_runtime.dll
 0002:00000458       __xc_a                     0000000180010458     MSVCRT:cinitexe.obj
 0002:00000460       __xc_z                     0000000180010460     MSVCRT:cinitexe.obj
 0002:00000468       __xi_a                     0000000180010468     MSVCRT:cinitexe.obj
 0002:00000478       __xi_z                     0000000180010478     MSVCRT:cinitexe.obj
 0002:00000480       __real@41cc70a967000000    0000000180010480     offlineProcessing_sfun.obj
 0002:00000488       __real@4157724000000000    0000000180010488     offlineProcessing_sfun.obj
 0002:00000490       __real@41ca30cf9d800000    0000000180010490     offlineProcessing_sfun.obj
 0002:00000498       __real@41adf747e8000000    0000000180010498     offlineProcessing_sfun.obj
 0002:000004a0       __real@41c900e78a000000    00000001800104a0     offlineProcessing_sfun.obj
 0002:000004a8       __real@41eda5398c800000    00000001800104a8     offlineProcessing_sfun.obj
 0002:000004b0       __real@41edcf5b43c00000    00000001800104b0     offlineProcessing_sfun.obj
 0002:000004b8       __real@41e695dff8600000    00000001800104b8     offlineProcessing_sfun.obj
 0002:000004c0       __real@41ce756209800000    00000001800104c0     offlineProcessing_sfun.obj
 0002:000004c8       __real@41e8fd034ae00000    00000001800104c8     offlineProcessing_sfun.obj
 0002:000004d0       __real@41e3f1ac0c600000    00000001800104d0     offlineProcessing_sfun.obj
 0002:000004d8       __real@41e3ecad85e00000    00000001800104d8     offlineProcessing_sfun.obj
 0002:000004e0       __real@41ea6714f5c00000    00000001800104e0     offlineProcessing_sfun.obj
 0002:000004e8       __real@41e32cabc3000000    00000001800104e8     offlineProcessing_sfun.obj
 0002:000004f0       __real@41e52ded20a00000    00000001800104f0     offlineProcessing_sfun.obj
 0002:000004f8       __real@41e5358f89000000    00000001800104f8     offlineProcessing_sfun.obj
 0002:00000500       __real@41d456da4b000000    0000000180010500     c1_offlineProcessing.obj
 0002:00000508       __real@41ee732e18e00000    0000000180010508     c1_offlineProcessing.obj
 0002:00000510       __real@41d63442eb400000    0000000180010510     c1_offlineProcessing.obj
 0002:00000518       __real@41dec6ce88000000    0000000180010518     c1_offlineProcessing.obj
 0002:00000520       __real@4024000000000000    0000000180010520     c1_offlineProcessing.obj
 0002:00000528       __real@3ff0000000000000    0000000180010528     c1_offlineProcessing.obj
 0002:00000530       __real@4074000000000000    0000000180010530     c1_offlineProcessing.obj
 0002:00000540       __mask@@NegDouble@         0000000180010540     c1_offlineProcessing.obj
 0002:00000550       DYNAMIC_DIMENSION_DEF      0000000180010550     offlineProcessing_sfun_registry.obj
 0002:00000570       _ssBadLevel2InputAccessMsg 0000000180010570     offlineProcessing_sfun_registry.obj
 0002:00000700       _ssBadLevel2DirectFeedMsg  0000000180010700     offlineProcessing_sfun_registry.obj
 0002:00000840       _ssBadLevel2DirectFeedSolutionMsg 0000000180010840     offlineProcessing_sfun_registry.obj
 0002:000008b0       _ssBadLevel2ZeroDirectFeedMsg 00000001800108b0     offlineProcessing_sfun_registry.obj
 0002:000009f0       _ssBadLevel2ZeroDirectFeedMsg2 00000001800109f0     offlineProcessing_sfun_registry.obj
 0002:00000ad8       __real@0000000000000000    0000000180010ad8     offlineProcessing_sfun_registry.obj
 0002:00000ae0       __real@bff0000000000000    0000000180010ae0     offlineProcessing_sfun_registry.obj
 0002:00000ae8       __real@41602cbca0000000    0000000180010ae8     offlineProcessing_sfun_registry.obj
 0002:00000af0       _pDefaultRawDllMain        0000000180010af0     MSVCRT:crtdll.obj
 0002:00000af0       _pRawDllMain               0000000180010af0     MSVCRT:crtdll.obj
 0002:00000b08       ?ProcessDetach@NativeDll@<CrtImplementationDetails>@@0IB 0000000180010b08     MSVCRT:tncleanup.obj
 0002:00000b0c       ?ProcessAttach@NativeDll@<CrtImplementationDetails>@@0IB 0000000180010b0c     MSVCRT:tncleanup.obj
 0002:00000b10       ?ThreadAttach@NativeDll@<CrtImplementationDetails>@@0IB 0000000180010b10     MSVCRT:tncleanup.obj
 0002:00000b14       ?ThreadDetach@NativeDll@<CrtImplementationDetails>@@0IB 0000000180010b14     MSVCRT:tncleanup.obj
 0002:00000b18       ?ProcessVerifier@NativeDll@<CrtImplementationDetails>@@0IB 0000000180010b18     MSVCRT:tncleanup.obj
 0002:00000b20       __rtc_iaa                  0000000180010b20     MSVCRT:_initsect_.obj
 0002:00000b28       __rtc_izz                  0000000180010b28     MSVCRT:_initsect_.obj
 0002:00000b30       __rtc_taa                  0000000180010b30     MSVCRT:_initsect_.obj
 0002:00000b38       __rtc_tzz                  0000000180010b38     MSVCRT:_initsect_.obj
 0002:000011ec       __IMPORT_DESCRIPTOR_sf_runtime 00000001800111ec     sf_runtime:sf_runtime.dll
 0002:00001200       __IMPORT_DESCRIPTOR_libmx  0000000180011200     libmx:libmx.dll
 0002:00001214       __IMPORT_DESCRIPTOR_libmex 0000000180011214     libmex:libmex.dll
 0002:00001228       __IMPORT_DESCRIPTOR_libut  0000000180011228     libut:libut.dll
 0002:0000123c       __IMPORT_DESCRIPTOR_libmwmathutil 000000018001123c     libmwmathutil:libmwmathutil.dll
 0002:00001250       __IMPORT_DESCRIPTOR_MSVCR100 0000000180011250     MSVCRT:MSVCR100.dll
 0002:00001264       __IMPORT_DESCRIPTOR_KERNEL32 0000000180011264     kernel32:KERNEL32.dll
 0002:00001278       __NULL_IMPORT_DESCRIPTOR   0000000180011278     sf_runtime:sf_runtime.dll
 0003:00002330       DYNAMIC_DIMENSION          0000000180015330     offlineProcessing_sfun_registry.obj
 0003:00002f38       __security_cookie          0000000180015f38     MSVCRT:gs_cookie.obj
 0003:00002f40       __security_cookie_complement 0000000180015f40     MSVCRT:gs_cookie.obj
 0003:00002f48       _fltused                   0000000180015f48     MSVCRT:dllsupp.obj
 0003:00002f50       __native_dllmain_reason    0000000180015f50     MSVCRT:natstart.obj
 0003:00002f54       __native_vcclrit_reason    0000000180015f54     MSVCRT:natstart.obj
 0003:00003048       sfGlobalDebugInstanceStruct 0000000180016048     offlineProcessing_sfun_registry.obj
 0003:000035d0       ?__type_info_root_node@@3U__type_info_node@@A 00000001800165d0     MSVCRT:tncleanup.obj
 0003:000035e0       _offlineProcessingMachineNumber_ 00000001800165e0     <common>
 0003:000035e4       __native_startup_state     00000001800165e4     <common>
 0003:000035e8       __native_startup_lock      00000001800165e8     <common>
 0003:000035f0       __onexitend                00000001800165f0     <common>
 0003:000035f8       __onexitbegin              00000001800165f8     <common>
 0003:00003600       __dyn_tls_init_callback    0000000180016600     <common>

 entry point at        0001:0000ddf0

 Static symbols

 0001:00000b40       c1_info_helper             0000000180001b40 f   c1_offlineProcessing.obj
 0001:00003220       c1_emlrt_marshallOut       0000000180004220 f   c1_offlineProcessing.obj
 0001:000032b0       c1_b_emlrt_marshallOut     00000001800042b0 f   c1_offlineProcessing.obj
 0001:00003920       get_sim_state_c1_offlineProcessing 0000000180004920 f   c1_offlineProcessing.obj
 0001:00003ac0       sf_get_sim_state_info_c1_offlineProcessing 0000000180004ac0 f   c1_offlineProcessing.obj
 0001:00003c90       set_sim_state_c1_offlineProcessing 0000000180004c90 f   c1_offlineProcessing.obj
 0001:00003d70       c1_update_debugger_state_c1_offlineProcessing 0000000180004d70 f   c1_offlineProcessing.obj
 0001:00003d80       c1_emlrt_marshallIn        0000000180004d80 f   c1_offlineProcessing.obj
 0001:00003df0       c1_b_emlrt_marshallIn      0000000180004df0 f   c1_offlineProcessing.obj
 0001:00003e80       c1_e_emlrt_marshallIn      0000000180004e80 f   c1_offlineProcessing.obj
 0001:00003ee0       c1_f_emlrt_marshallIn      0000000180004ee0 f   c1_offlineProcessing.obj
 0001:00003fe0       mdlProcessParameters_c1_offlineProcessing 0000000180004fe0 f   c1_offlineProcessing.obj
 0001:000040c0       initialize_params_c1_offlineProcessing 00000001800050c0 f   c1_offlineProcessing.obj
 0001:000040d0       mdlSetWorkWidths_c1_offlineProcessing 00000001800050d0 f   c1_offlineProcessing.obj
 0001:000045a0       sf_get_instance_specialization 00000001800055a0 f   c1_offlineProcessing.obj
 0001:000045b0       mdlStart_c1_offlineProcessing 00000001800055b0 f   c1_offlineProcessing.obj
 0001:000047e0       init_dsm_address_info      00000001800057e0 f   c1_offlineProcessing.obj
 0001:00004880       chart_debug_initialization 0000000180005880 f   c1_offlineProcessing.obj
 0001:000051d0       init_script_number_translation 00000001800061d0 f   c1_offlineProcessing.obj
 0001:000051f0       c1_sf_marshallOut          00000001800061f0 f   c1_offlineProcessing.obj
 0001:000052a0       c1_sf_marshallIn           00000001800062a0 f   c1_offlineProcessing.obj
 0001:00005340       c1_b_sf_marshallOut        0000000180006340 f   c1_offlineProcessing.obj
 0001:000054d0       c1_d_sf_marshallOut        00000001800064d0 f   c1_offlineProcessing.obj
 0001:00005730       c1_c_sf_marshallIn         0000000180006730 f   c1_offlineProcessing.obj
 0001:00005880       c1_d_emlrt_marshallIn      0000000180006880 f   c1_offlineProcessing.obj
 0001:000059a0       sf_opaque_initialize_c1_offlineProcessing 00000001800069a0 f   c1_offlineProcessing.obj
 0001:000059e0       initialize_c1_offlineProcessing 00000001800069e0 f   c1_offlineProcessing.obj
 0001:00005a30       sf_opaque_enable_c1_offlineProcessing 0000000180006a30 f   c1_offlineProcessing.obj
 0001:00005a50       enable_c1_offlineProcessing 0000000180006a50 f   c1_offlineProcessing.obj
 0001:00005a80       sf_opaque_disable_c1_offlineProcessing 0000000180006a80 f   c1_offlineProcessing.obj
 0001:00005aa0       disable_c1_offlineProcessing 0000000180006aa0 f   c1_offlineProcessing.obj
 0001:00005ad0       sf_opaque_gateway_c1_offlineProcessing 0000000180006ad0 f   c1_offlineProcessing.obj
 0001:00005af0       sf_gateway_c1_offlineProcessing 0000000180006af0 f   c1_offlineProcessing.obj
 0001:00005d10       c1_chartstep_c1_offlineProcessing 0000000180006d10 f   c1_offlineProcessing.obj
 0001:00006c80       c1_check_forloop_overflow_error 0000000180007c80 f   c1_offlineProcessing.obj
 0001:00006ea0       c1_get_psdMinBuffer        0000000180007ea0 f   c1_offlineProcessing.obj
 0001:00006f60       c1_set_psdMinBuffer        0000000180007f60 f   c1_offlineProcessing.obj
 0001:00007020       sf_opaque_get_sim_state_c1_offlineProcessing 0000000180008020 f   c1_offlineProcessing.obj
 0001:00007040       sf_opaque_set_sim_state_c1_offlineProcessing 0000000180008040 f   c1_offlineProcessing.obj
 0001:00007070       sf_opaque_terminate_c1_offlineProcessing 0000000180008070 f   c1_offlineProcessing.obj
 0001:00007110       finalize_c1_offlineProcessing 0000000180008110 f   c1_offlineProcessing.obj
 0001:00007120       sf_opaque_init_subchart_simstructs 0000000180008120 f   c1_offlineProcessing.obj
 0001:00007140       initSimStructsc1_offlineProcessing 0000000180008140 f   c1_offlineProcessing.obj
 0001:00007150       mdlRTW_c1_offlineProcessing 0000000180008150 f   c1_offlineProcessing.obj
 0001:00007ac0       getChartInfoFromSimStruct  0000000180008ac0 f   offlineProcessing_sfun_registry.obj
 0001:00009160       _ssFatalError              000000018000a160 f   offlineProcessing_sfun_registry.obj
 0001:0000c210       ProcessMexSfunctionCmdLineCall 000000018000d210 f   offlineProcessing_sfun_registry.obj
 0001:0000c340       sf_debug_api_wrapper       000000018000d340 f   offlineProcessing_sfun_registry.obj
 0001:0000c390       mdlStart                   000000018000d390 f   offlineProcessing_sfun_registry.obj
 0001:0000c3c0       mdl_start_processing       000000018000d3c0 f   offlineProcessing_sfun_registry.obj
 0001:0000c450       mdlTerminate               000000018000d450 f   offlineProcessing_sfun_registry.obj
 0001:0000c480       mdl_terminate_processing   000000018000d480 f   offlineProcessing_sfun_registry.obj
 0001:0000c500       mdlInitializeSampleTimes   000000018000d500 f   offlineProcessing_sfun_registry.obj
 0001:0000c530       mdlZeroCrossings           000000018000d530 f   offlineProcessing_sfun_registry.obj
 0001:0000c560       mdl_zeroCrossings_processing 000000018000d560 f   offlineProcessing_sfun_registry.obj
 0001:0000c5a0       mdlDerivatives             000000018000d5a0 f   offlineProcessing_sfun_registry.obj
 0001:0000c5d0       mdl_derivatives_processing 000000018000d5d0 f   offlineProcessing_sfun_registry.obj
 0001:0000c620       mdlInitializeConditions    000000018000d620 f   offlineProcessing_sfun_registry.obj
 0001:0000c650       mdl_initialize_conditions_processing 000000018000d650 f   offlineProcessing_sfun_registry.obj
 0001:0000c6a0       mdlEnable                  000000018000d6a0 f   offlineProcessing_sfun_registry.obj
 0001:0000c6d0       mdl_enable_processing      000000018000d6d0 f   offlineProcessing_sfun_registry.obj
 0001:0000c710       mdlDisable                 000000018000d710 f   offlineProcessing_sfun_registry.obj
 0001:0000c740       mdl_disable_processing     000000018000d740 f   offlineProcessing_sfun_registry.obj
 0001:0000c780       mdlOutputs                 000000018000d780 f   offlineProcessing_sfun_registry.obj
 0001:0000c7b0       mdl_outputs_processing     000000018000d7b0 f   offlineProcessing_sfun_registry.obj
 0001:0000c890       mdl_outputs_continuous_legacy 000000018000d890 f   offlineProcessing_sfun_registry.obj
 0001:0000c980       mdlGetTimeOfNextVarHit     000000018000d980 f   offlineProcessing_sfun_registry.obj
 0001:0000c9d0       _ProcessMexSfunctionCmdLineCall 000000018000d9d0 f   offlineProcessing_sfun_registry.obj
 0001:0000d120       mdlSetWorkWidths           000000018000e120 f   offlineProcessing_sfun_registry.obj
 0001:0000d150       mdlProcessParameters       000000018000e150 f   offlineProcessing_sfun_registry.obj
 0001:0000d180       mdlInitializeSizes         000000018000e180 f   offlineProcessing_sfun_registry.obj
 0001:0000d1b0       mdlExtModeExec             000000018000e1b0 f   offlineProcessing_sfun_registry.obj
 0001:0000d1e0       mdl_ext_mode_exec_processing 000000018000e1e0 f   offlineProcessing_sfun_registry.obj
 0001:0000d220       mdlRTW                     000000018000e220 f   offlineProcessing_sfun_registry.obj
 0001:0000d260       _CreateSimStruct           000000018000e260 f   offlineProcessing_sfun_registry.obj
 0001:0000d3f0       _RegNumInputPortsCB        000000018000e3f0 f   offlineProcessing_sfun_registry.obj
 0001:0000d470       _RegNumOutputPortsCB       000000018000e470 f   offlineProcessing_sfun_registry.obj
 0001:0000d9f8       pre_c_init                 000000018000e9f8 f   MSVCRT:crtdll.obj
 0001:0000dcb4       __DllMainCRTStartup        000000018000ecb4 f   MSVCRT:crtdll.obj
 0001:0000e320       __DllMainCRTStartup$filt$0 000000018000f320 f   MSVCRT:crtdll.obj
 0001:0000e350       __DllMainCRTStartup$fin$1  000000018000f350 f   MSVCRT:crtdll.obj
 0001:0000e36a       _onexit$fin$0              000000018000f36a f   MSVCRT:atonexit.obj
 0001:0000e390       _IsNonwritableInCurrentImage$filt$0 000000018000f390 f   MSVCRT:pesect.obj
